<?xml version='1.0' ?>
<!--
     This is a better sample of complex type usage, since it is
     round-trippable. (The use of complex types in inherit.map is
     not.)

     There are two tables: Customers and Addresses.

     The complex type Address is mapped to the table Addresses. The
     element types ShipToAddress and BillToAddress both derive from
     the Address complex type. Address is mapped with a normal ClassMap, while
     ShipToAddress and BillToAddress are mapped as related classes
     using UseClassMap elements that point to the ClassMap for Address.
-->     

<!DOCTYPE XMLToDBMS SYSTEM "xmldbms2.dtd" >

<XMLToDBMS Version="2.0" xmlns="http://www.xmlmiddleware.org/xmldbms/v2">
   <Databases>
      <Database Name="Default">
         <Catalog>
            <Schema>
               <Table Name="Customers">
                  <Column Name="CustomerID" DataType="INTEGER" Nullable="No"/>
                  <Column Name="Name" DataType="VARCHAR" Length="50" Nullable="No"/>
                  <Column Name="DiscountRate" DataType="REAL" Nullable="No"/>
                  <Column Name="ShipToAddress" DataType="INTEGER" Nullable="No"/>
                  <Column Name="BillToAddress" DataType="INTEGER" Nullable="No"/>
                  <PrimaryKey KeyGenerator="Database">
                     <UseColumn Name="CustomerID"/>
                  </PrimaryKey>
                  <ForeignKey Name="ShipTo_FK">
                     <UseTable Name = "Addresses" />
                     <UseUniqueKey Name= "PrimaryKey" />
                     <UseColumn Name="ShipToAddress"/>
                  </ForeignKey>
                  <ForeignKey Name="BillTo_FK">
                     <UseTable Name = "Addresses" />
                     <UseUniqueKey Name= "PrimaryKey" />
                     <UseColumn Name="BillToAddress"/>
                  </ForeignKey>
               </Table>
               <Table Name="Addresses">
                  <Column Name="AddressID" DataType="INTEGER" Nullable="No"/>
                  <Column Name="Street" DataType="VARCHAR" Length="50" Nullable="Yes"/>
                  <Column Name="City" DataType="VARCHAR" Length="30" Nullable="Yes"/>
                  <Column Name="State" DataType="VARCHAR" Length="2" Nullable="Yes"/>
                  <Column Name="PostCode" DataType="VARCHAR" Length="10" Nullable="Yes"/>
                  <PrimaryKey KeyGenerator="Database">
                     <UseColumn Name="AddressID"/>
                  </PrimaryKey>
               </Table>
            </Schema>
         </Catalog>
      </Database>
   </Databases>
   <Maps>
      <ClassMap>
         <ElementType Name="Customer"/>
         <ToClassTable Name="Customers"/>
         <PropertyMap>
            <ElementType Name="Name"/>
            <ToColumn Name="Name"/>
         </PropertyMap>
         <PropertyMap>
            <ElementType Name="DiscountRate"/>
            <ToColumn Name="DiscountRate"/>
         </PropertyMap>
         <RelatedClass KeyInParentTable="Foreign">
            <ElementType Name="ShipToAddress"/>
            <UseClassMap ElementType="Address" />
            <UseUniqueKey Name="PrimaryKey"/>
            <UseForeignKey Name="ShipTo_FK"/>
         </RelatedClass>
         <RelatedClass KeyInParentTable="Foreign">
            <ElementType Name="BillToAddress"/>
            <UseClassMap ElementType="Address" />
            <UseUniqueKey Name="PrimaryKey"/>
            <UseForeignKey Name="BillTo_FK"/>
         </RelatedClass>
      </ClassMap>
      <ClassMap>
         <ElementType Name="Address"/>
         <ToClassTable Name="Addresses"/>
         <PropertyMap>
            <ElementType Name="Street"/>
            <ToColumn Name="Street"/>
            <FixedOrder Value = "1" />
         </PropertyMap>
         <PropertyMap>
            <ElementType Name="City"/>
            <ToColumn Name="City"/>
            <FixedOrder Value = "2" />
         </PropertyMap>
         <PropertyMap>
            <ElementType Name="State"/>
            <ToColumn Name="State"/>
            <FixedOrder Value = "3" />
         </PropertyMap>
         <PropertyMap>
            <ElementType Name="PostCode"/>
            <ToColumn Name="PostCode"/>
            <FixedOrder Value = "4" />
         </PropertyMap>
      </ClassMap>
   </Maps>
</XMLToDBMS>