<?xml version='1.0' ?>
<!--
     This sample shows how to map complex types and inheritance.

     There are three tables: People, Authors (for which People is a
     base table), and Writings.

     The complex type Writing is mapped to the table Writings. The
     element types Book and Author both derive from the Writing
     complex type. Writing is mapped with a normal ClassMap, while
     Book and Author are mapped using a UseClassMap element that
     points to the ClassMap for Writing. (WARNING: This is a poor
     example, as it will not be possible to reconstruct a document
     in which Book or Author appears as a root element. For more
     information, see the Limitations section of UseClassMap in the
     XML-DBMS 2.0 DTD.)

     The complex type Person is mapped to the table People. The
     element type Author uses/extends Person. It is mapped to the
     table Authors and uses the Extends element to link the Authors
     table to the People table. Note that the ClassMap for Author
     only maps the children not found in Person - Publisher in this
     case.
-->     

<!DOCTYPE XMLToDBMS SYSTEM "xmldbms2.dtd" >

<XMLToDBMS Version="2.0" xmlns="http://www.xmlmiddleware.org/xmldbms/v2">
   <Databases>
      <Database Name="Default" QuoteIdentifiers="Yes">
         <Catalog>
            <Schema>
               <Table Name="People">
                  <Column Name="FirstName" DataType="VARCHAR" Length="30" Nullable="Yes"/>
                  <Column Name="LastName" DataType="VARCHAR" Length="30" Nullable="No"/>
                  <Column Name="DOB" DataType="DATE" Nullable="Yes" />
                  <Column Name="ID" DataType="BIGINT" Nullable="No"/>
                  <PrimaryKey KeyGenerator="Database">
                     <UseColumn Name="ID"/>
                  </PrimaryKey>
               </Table>
               <Table Name="Authors">
                  <Column Name="PersonID" DataType="BIGINT" Nullable="No"/>
                  <Column Name="AuthorID" DataType="BIGINT" Nullable="No"/>
                  <Column Name="Publisher" DataType="VARCHAR" Length="50" Nullable="Yes"/>
                  <PrimaryKey KeyGenerator="Database">
                     <UseColumn Name="AuthorID"/>
                  </PrimaryKey>
                  <ForeignKey Name="Person_FK">
                     <UseTable Name="People" />
                     <UseUniqueKey Name="PrimaryKey" />
                     <UseColumn Name="PersonID"/>
                  </ForeignKey>
               </Table>
               <Table Name="Writings">
                  <Column Name="AuthorID" DataType="BIGINT" Nullable="No"/>
                  <Column Name="ThingieID" DataType="BIGINT" Nullable="No"/>
                  <Column Name="Title" DataType="VARCHAR" Length="50" Nullable="Yes"/>
                  <PrimaryKey KeyGenerator="Database">
                     <UseColumn Name="ThingieID"/>
                  </PrimaryKey>
                  <ForeignKey Name="Author_FK">
                     <UseTable Name="Authors" />
                     <UseUniqueKey Name="PrimaryKey" />
                     <UseColumn Name="AuthorID"/>
                  </ForeignKey>
               </Table>
            </Schema>
         </Catalog>
      </Database>
   </Databases>
   <Maps>
      <ClassMap>
         <ElementType Name="Writing"/>
         <ToClassTable Name="Writings"/>
         <PropertyMap>
            <ElementType Name="Title"/>
            <ToColumn Name="Title"/>
         </PropertyMap>
         <RelatedClass KeyInParentTable="Foreign">
            <ElementType Name="Author"/>
            <UseUniqueKey Name="PrimaryKey"/>
            <UseForeignKey Name="Author_FK"/>
         </RelatedClass>
      </ClassMap>
      <ClassMap>
         <ElementType Name="Book"/>
         <UseClassMap ElementType="Writing" />
      </ClassMap>
      <ClassMap>
         <ElementType Name="Essay"/>
         <UseClassMap ElementType="Writing" />
      </ClassMap>
      <ClassMap>
         <ElementType Name="Person"/>
         <ToClassTable Name="People"/>
         <PropertyMap>
            <ElementType Name="FirstName"/>
            <ToColumn Name="FirstName"/>
         </PropertyMap>
         <PropertyMap>
            <ElementType Name="LastName"/>
            <ToColumn Name="LastName"/>
         </PropertyMap>
         <PropertyMap>
            <ElementType Name="Birthday"/>
            <ToColumn Name="DOB"/>
         </PropertyMap>
      </ClassMap>
      <ClassMap>
         <ElementType Name="Author"/>
         <Extends ElementType="Person">
            <UseBaseTable KeyInBaseTable="Unique">
               <UseUniqueKey Name="PrimaryKey"/>
               <UseForeignKey Name="Person_FK"/>
            </UseBaseTable>
         </Extends>
         <ToClassTable Name="Authors"/>
         <PropertyMap>
            <ElementType Name="Publisher"/>
            <ToColumn Name="Publisher"/>
         </PropertyMap>
      </ClassMap>
   </Maps>
</XMLToDBMS>